../Drivers/STM32U5xx_HAL_Driver/Inc/stm32u5xx_hal_hcd.h:522:26:HCD_GET_CH_RX_CNT	24	static
../Drivers/STM32U5xx_HAL_Driver/Inc/stm32u5xx_hal_hcd.h:570:26:HCD_GET_CH_DBUF0_CNT	24	static
../Drivers/STM32U5xx_HAL_Driver/Inc/stm32u5xx_hal_hcd.h:590:26:HCD_GET_CH_DBUF1_CNT	24	static
../Drivers/STM32U5xx_HAL_Driver/Src/stm32u5xx_hal_hcd.c:2023:19:HAL_HCD_Init	72	static
../Drivers/STM32U5xx_HAL_Driver/Src/stm32u5xx_hal_hcd.c:2116:19:HAL_HCD_HC_Init	64	static
../Drivers/STM32U5xx_HAL_Driver/Src/stm32u5xx_hal_hcd.c:2322:19:HAL_HCD_HC_Close	16	static
../Drivers/STM32U5xx_HAL_Driver/Src/stm32u5xx_hal_hcd.c:2353:19:HAL_HCD_HC_Halt	24	static
../Drivers/STM32U5xx_HAL_Driver/Src/stm32u5xx_hal_hcd.c:2376:19:HAL_HCD_DeInit	24	static
../Drivers/STM32U5xx_HAL_Driver/Src/stm32u5xx_hal_hcd.c:2426:14:HAL_HCD_MspInit	16	static
../Drivers/STM32U5xx_HAL_Driver/Src/stm32u5xx_hal_hcd.c:2441:14:HAL_HCD_MspDeInit	16	static
../Drivers/STM32U5xx_HAL_Driver/Src/stm32u5xx_hal_hcd.c:2451:13:HAL_HCD_SuspendCallback	16	static
../Drivers/STM32U5xx_HAL_Driver/Src/stm32u5xx_hal_hcd.c:2462:13:HAL_HCD_ResumeCallback	16	static
../Drivers/STM32U5xx_HAL_Driver/Src/stm32u5xx_hal_hcd.c:2514:19:HAL_HCD_HC_SubmitRequest	16	static
../Drivers/STM32U5xx_HAL_Driver/Src/stm32u5xx_hal_hcd.c:2634:6:HAL_HCD_IRQHandler	32	static
../Drivers/STM32U5xx_HAL_Driver/Src/stm32u5xx_hal_hcd.c:2796:13:HAL_HCD_SOF_Callback	16	static
../Drivers/STM32U5xx_HAL_Driver/Src/stm32u5xx_hal_hcd.c:2811:13:HAL_HCD_Connect_Callback	16	static
../Drivers/STM32U5xx_HAL_Driver/Src/stm32u5xx_hal_hcd.c:2826:13:HAL_HCD_Disconnect_Callback	16	static
../Drivers/STM32U5xx_HAL_Driver/Src/stm32u5xx_hal_hcd.c:2840:13:HAL_HCD_PortEnabled_Callback	16	static
../Drivers/STM32U5xx_HAL_Driver/Src/stm32u5xx_hal_hcd.c:2854:13:HAL_HCD_PortDisabled_Callback	16	static
../Drivers/STM32U5xx_HAL_Driver/Src/stm32u5xx_hal_hcd.c:2879:13:HAL_HCD_HC_NotifyURBChange_Callback	16	static
../Drivers/STM32U5xx_HAL_Driver/Src/stm32u5xx_hal_hcd.c:3197:19:HAL_HCD_Start	16	static
../Drivers/STM32U5xx_HAL_Driver/Src/stm32u5xx_hal_hcd.c:3220:19:HAL_HCD_Stop	16	static
../Drivers/STM32U5xx_HAL_Driver/Src/stm32u5xx_hal_hcd.c:3244:19:HAL_HCD_Suspend	24	static
../Drivers/STM32U5xx_HAL_Driver/Src/stm32u5xx_hal_hcd.c:3268:19:HAL_HCD_Resume	16	static
../Drivers/STM32U5xx_HAL_Driver/Src/stm32u5xx_hal_hcd.c:3281:19:HAL_HCD_ResetPort	16	static
../Drivers/STM32U5xx_HAL_Driver/Src/stm32u5xx_hal_hcd.c:3302:19:HAL_HCD_ResumePort	16	static
../Drivers/STM32U5xx_HAL_Driver/Src/stm32u5xx_hal_hcd.c:3339:18:HAL_HCD_GetState	16	static
../Drivers/STM32U5xx_HAL_Driver/Src/stm32u5xx_hal_hcd.c:3358:21:HAL_HCD_HC_GetURBState	16	static
../Drivers/STM32U5xx_HAL_Driver/Src/stm32u5xx_hal_hcd.c:3371:10:HAL_HCD_HC_GetXferCount	16	static
../Drivers/STM32U5xx_HAL_Driver/Src/stm32u5xx_hal_hcd.c:3393:21:HAL_HCD_HC_GetState	16	static
../Drivers/STM32U5xx_HAL_Driver/Src/stm32u5xx_hal_hcd.c:3403:10:HAL_HCD_GetCurrentFrame	16	static
../Drivers/STM32U5xx_HAL_Driver/Src/stm32u5xx_hal_hcd.c:3417:10:HAL_HCD_GetCurrentSpeed	16	static
../Drivers/STM32U5xx_HAL_Driver/Src/stm32u5xx_hal_hcd.c:3431:19:HAL_HCD_HC_SetHubInfo	16	static
../Drivers/STM32U5xx_HAL_Driver/Src/stm32u5xx_hal_hcd.c:3448:19:HAL_HCD_HC_ClearHubInfo	16	static
../Drivers/STM32U5xx_HAL_Driver/Src/stm32u5xx_hal_hcd.c:3465:13:HCD_HC_OUT_BulkDb	96	static
../Drivers/STM32U5xx_HAL_Driver/Src/stm32u5xx_hal_hcd.c:3611:13:HCD_HC_IN_BulkDb	56	static
../Drivers/STM32U5xx_HAL_Driver/Src/stm32u5xx_hal_hcd.c:3701:20:HCD_HC_IN_ISO	40	static
../Drivers/STM32U5xx_HAL_Driver/Src/stm32u5xx_hal_hcd.c:3769:13:HCD_HC_IN_IRQHandler	64	static
../Drivers/STM32U5xx_HAL_Driver/Src/stm32u5xx_hal_hcd.c:3912:13:HCD_HC_OUT_IRQHandler	56	static
../Drivers/STM32U5xx_HAL_Driver/Src/stm32u5xx_hal_hcd.c:4103:13:HCD_Port_IRQHandler	24	static
../Drivers/STM32U5xx_HAL_Driver/Src/stm32u5xx_hal_hcd.c:4182:16:HAL_HCD_Check_usedChannel	24	static
../Drivers/STM32U5xx_HAL_Driver/Src/stm32u5xx_hal_hcd.c:4216:16:HAL_HCD_GetLogical_Channel	16	static
../Drivers/STM32U5xx_HAL_Driver/Src/stm32u5xx_hal_hcd.c:4264:16:HAL_HCD_Get_FreePhyChannel	24	static
../Drivers/STM32U5xx_HAL_Driver/Src/stm32u5xx_hal_hcd.c:4374:14:HAL_HCD_ClearPhyChannel	24	static
../Drivers/STM32U5xx_HAL_Driver/Src/stm32u5xx_hal_hcd.c:4407:17:HAL_HCD_GetFreePMA	40	static
../Drivers/STM32U5xx_HAL_Driver/Src/stm32u5xx_hal_hcd.c:4514:20:HAL_HCD_PMAlloc	32	static
../Drivers/STM32U5xx_HAL_Driver/Src/stm32u5xx_hal_hcd.c:4617:20:HAL_HCD_PMADeAlloc	24	static
../Drivers/STM32U5xx_HAL_Driver/Src/stm32u5xx_hal_hcd.c:4666:20:HAL_HCD_PMAReset	24	static
../Drivers/STM32U5xx_HAL_Driver/Src/stm32u5xx_hal_hcd.c:4690:27:HAL_HCD_PMAFree	40	static
